// Vitest Snapshot v1, https://vitest.dev/guide/snapshot.html

exports[`class base 1`] = `
"digraph {
  subgraph "A" {
    "node1" [
      color = "red";
    ];
    "node2" [
      color = "blue";
    ];
    "node1" -> "node2" [
      label = "Edge Label";
      color = "pink";
    ];
  }
}"
`;
