// Jest Snapshot v1, https://goo.gl/fbAQLP

exports[`valueType Literal HTML Like string toDot result should not be quoted 1`] = `"<<B>hoge</B>>"`;

exports[`valueType Literal HTML Like string toDot result should not be quoted 2`] = `
"<
          <U>hoge</U>
          >"
`;

exports[`valueType Literal HTML Like string toDot result should not be quoted 3`] = `
"<<I>hoge</I>
          >"
`;

exports[`valueType Literal plain string toDot result should be quoted 1`] = `"\\"te\\\\\\"st\\""`;

exports[`valueType Literal plain string toDot result should be quoted 2`] = `"\\"\\\\n          test\\\\n          \\""`;
