// Jest Snapshot v1, https://goo.gl/fbAQLP

exports[`valueType LblStringValue plain string toDot result should be quoted 1`] = `"\\"test\\""`;

exports[`valueType LblStringValue plain string toDot result should be quoted 2`] = `"\\"\\\\n          test\\\\n          \\""`;
